--------------------------------------------------------------------------------------
Timing Analyzer Summary
--------------------------------------------------------------------------------------

Type           : Worst-case tsu
Slack          : N/A
Required Time  : None
Actual Time    : 5.351 ns
From           : reset
To             : UnidadeControle:CtrlUnit|PCCond[0]
From Clock     : --
To Clock       : clock
Failed Paths   : 0

Type           : Worst-case tco
Slack          : N/A
Required Time  : None
Actual Time    : 17.020 ns
From           : mux_srcB:ALUSrcB|out[5]
To             : Zero
From Clock     : clock
To Clock       : --
Failed Paths   : 0

Type           : Worst-case th
Slack          : N/A
Required Time  : None
Actual Time    : -2.700 ns
From           : reset
To             : UnidadeControle:CtrlUnit|USExt
From Clock     : --
To Clock       : clock
Failed Paths   : 0

Type           : Clock Setup: 'clock'
Slack          : N/A
Required Time  : None
Actual Time    : 40.85 MHz ( period = 24.480 ns )
From           : mux_srcB:ALUSrcB|out[5]
To             : Registrador:PC|Saida[7]
From Clock     : clock
To Clock       : clock
Failed Paths   : 0

Type           : Clock Hold: 'clock'
Slack          : Not operational: Clock Skew > Data Delay
Required Time  : None
Actual Time    : N/A
From           : Registrador:RegisterB|Saida[18]
To             : mux_srcB:ALUSrcB|out[18]
From Clock     : clock
To Clock       : clock
Failed Paths   : 576

Type           : Total number of failed paths
Slack          : 
Required Time  : 
Actual Time    : 
From           : 
To             : 
From Clock     : 
To Clock       : 
Failed Paths   : 576

--------------------------------------------------------------------------------------

