--------------------------------------------------------------------------------------
Timing Analyzer Summary
--------------------------------------------------------------------------------------

Type           : Worst-case tsu
Slack          : N/A
Required Time  : None
Actual Time    : 5.972 ns
From           : reset
To             : UnidadeControle:CtrlUnit|MemWR
From Clock     : --
To Clock       : clock
Failed Paths   : 0

Type           : Worst-case tco
Slack          : N/A
Required Time  : None
Actual Time    : 12.956 ns
From           : Instr_Reg:IR|Instr25_21[1]
To             : RegAIn[12]
From Clock     : clock
To Clock       : --
Failed Paths   : 0

Type           : Worst-case th
Slack          : N/A
Required Time  : None
Actual Time    : -0.955 ns
From           : reset
To             : UnidadeControle:CtrlUnit|AWrite
From Clock     : --
To Clock       : clock
Failed Paths   : 0

Type           : Clock Setup: 'clock'
Slack          : N/A
Required Time  : None
Actual Time    : 39.80 MHz ( period = 25.126 ns )
From           : mux_srcB:ALUSrcB|out[5]
To             : UnidadeControle:CtrlUnit|state[1]
From Clock     : clock
To Clock       : clock
Failed Paths   : 0

Type           : Clock Hold: 'clock'
Slack          : Not operational: Clock Skew > Data Delay
Required Time  : None
Actual Time    : N/A
From           : Registrador:RegisterB|Saida[15]
To             : mux_srcB:ALUSrcB|out[15]
From Clock     : clock
To Clock       : clock
Failed Paths   : 312

Type           : Total number of failed paths
Slack          : 
Required Time  : 
Actual Time    : 
From           : 
To             : 
From Clock     : 
To Clock       : 
Failed Paths   : 312

--------------------------------------------------------------------------------------

