Classic Timing Analyzer report for Proj_Hardware
Thu May 16 20:51:22 2019
Quartus II Version 9.1 Build 350 03/24/2010 Service Pack 2 SJ Web Edition


---------------------
; Table of Contents ;
---------------------
  1. Legal Notice
  2. Timing Analyzer Summary
  3. Timing Analyzer Settings
  4. Clock Settings Summary
  5. Parallel Compilation
  6. Clock Setup: 'clock'
  7. tsu
  8. tco
  9. th
 10. Timing Analyzer Messages



----------------
; Legal Notice ;
----------------
Copyright (C) 1991-2010 Altera Corporation
Your use of Altera Corporation's design tools, logic functions 
and other software and tools, and its AMPP partner logic 
functions, and any output files from any of the foregoing 
(including device programming or simulation files), and any 
associated documentation or information are expressly subject 
to the terms and conditions of the Altera Program License 
Subscription Agreement, Altera MegaCore Function License 
Agreement, or other applicable license agreement, including, 
without limitation, that your use is for the sole purpose of 
programming logic devices manufactured by Altera and sold by 
Altera or its authorized distributors.  Please refer to the 
applicable agreement for further details.



+------------------------------------------------------------------------------------------------------------------------------------------------------------------------------------------------+
; Timing Analyzer Summary                                                                                                                                                                        ;
+------------------------------+-------+---------------+----------------------------------+---------------------------+-----------------------------------+------------+----------+--------------+
; Type                         ; Slack ; Required Time ; Actual Time                      ; From                      ; To                                ; From Clock ; To Clock ; Failed Paths ;
+------------------------------+-------+---------------+----------------------------------+---------------------------+-----------------------------------+------------+----------+--------------+
; Worst-case tsu               ; N/A   ; None          ; 5.414 ns                         ; reset                     ; UnidadeControle:CtrlUnit|state[3] ; --         ; clock    ; 0            ;
; Worst-case tco               ; N/A   ; None          ; 7.282 ns                         ; Instr_Reg:IR|Instr15_0[3] ; inst15_0[3]                       ; clock      ; --       ; 0            ;
; Worst-case th                ; N/A   ; None          ; -2.993 ns                        ; reset                     ; UnidadeControle:CtrlUnit|state[2] ; --         ; clock    ; 0            ;
; Clock Setup: 'clock'         ; N/A   ; None          ; 165.78 MHz ( period = 6.032 ns ) ; Registrador:PC|Saida[2]   ; Registrador:PC|Saida[31]          ; clock      ; clock    ; 0            ;
; Total number of failed paths ;       ;               ;                                  ;                           ;                                   ;            ;          ; 0            ;
+------------------------------+-------+---------------+----------------------------------+---------------------------+-----------------------------------+------------+----------+--------------+


+-----------------------------------------------------------------------------------------------------------------------------------------------------+
; Timing Analyzer Settings                                                                                                                            ;
+------------------------------------------------------------------------------------------------------+--------------------+------+----+-------------+
; Option                                                                                               ; Setting            ; From ; To ; Entity Name ;
+------------------------------------------------------------------------------------------------------+--------------------+------+----+-------------+
; Device Name                                                                                          ; EP2S15F484C3       ;      ;    ;             ;
; Timing Models                                                                                        ; Final              ;      ;    ;             ;
; Default hold multicycle                                                                              ; Same as Multicycle ;      ;    ;             ;
; Cut paths between unrelated clock domains                                                            ; On                 ;      ;    ;             ;
; Cut off read during write signal paths                                                               ; On                 ;      ;    ;             ;
; Cut off feedback from I/O pins                                                                       ; On                 ;      ;    ;             ;
; Report Combined Fast/Slow Timing                                                                     ; Off                ;      ;    ;             ;
; Ignore Clock Settings                                                                                ; Off                ;      ;    ;             ;
; Analyze latches as synchronous elements                                                              ; On                 ;      ;    ;             ;
; Enable Recovery/Removal analysis                                                                     ; Off                ;      ;    ;             ;
; Enable Clock Latency                                                                                 ; Off                ;      ;    ;             ;
; Use TimeQuest Timing Analyzer                                                                        ; Off                ;      ;    ;             ;
; Number of source nodes to report per destination node                                                ; 10                 ;      ;    ;             ;
; Number of destination nodes to report                                                                ; 10                 ;      ;    ;             ;
; Number of paths to report                                                                            ; 200                ;      ;    ;             ;
; Report Minimum Timing Checks                                                                         ; Off                ;      ;    ;             ;
; Use Fast Timing Models                                                                               ; Off                ;      ;    ;             ;
; Report IO Paths Separately                                                                           ; Off                ;      ;    ;             ;
; Perform Multicorner Analysis                                                                         ; On                 ;      ;    ;             ;
; Reports the worst-case path for each clock domain and analysis                                       ; Off                ;      ;    ;             ;
; Reports worst-case timing paths for each clock domain and analysis                                   ; Off                ;      ;    ;             ;
; Specifies the maximum number of worst-case timing paths to report for each clock domain and analysis ; 100                ;      ;    ;             ;
; Removes common clock path pessimism (CCPP) during slack computation                                  ; Off                ;      ;    ;             ;
; Output I/O Timing Endpoint                                                                           ; Near End           ;      ;    ;             ;
+------------------------------------------------------------------------------------------------------+--------------------+------+----+-------------+


+------------------------------------------------------------------------------------------------------------------------------------------------------------------------------------+
; Clock Settings Summary                                                                                                                                                             ;
+-----------------+--------------------+----------+------------------+---------------+--------------+----------+-----------------------+---------------------+--------+--------------+
; Clock Node Name ; Clock Setting Name ; Type     ; Fmax Requirement ; Early Latency ; Late Latency ; Based on ; Multiply Base Fmax by ; Divide Base Fmax by ; Offset ; Phase offset ;
+-----------------+--------------------+----------+------------------+---------------+--------------+----------+-----------------------+---------------------+--------+--------------+
; clock           ;                    ; User Pin ; None             ; 0.000 ns      ; 0.000 ns     ; --       ; N/A                   ; N/A                 ; N/A    ;              ;
+-----------------+--------------------+----------+------------------+---------------+--------------+----------+-----------------------+---------------------+--------+--------------+


Parallel compilation was disabled, but you have multiple processors available. Enable parallel compilation to reduce compilation time.
+-------------------------------------+
; Parallel Compilation                ;
+----------------------------+--------+
; Processors                 ; Number ;
+----------------------------+--------+
; Number detected on machine ; 16     ;
; Maximum allowed            ; 1      ;
+----------------------------+--------+


+------------------------------------------------------------------------------------------------------------------------------------------------------------------------------------------------------------------------------------------------------------------+
; Clock Setup: 'clock'                                                                                                                                                                                                                                             ;
+-----------------------------------------+-----------------------------------------------------+---------------------------+--------------------------+------------+----------+-----------------------------+---------------------------+-------------------------+
; Slack                                   ; Actual fmax (period)                                ; From                      ; To                       ; From Clock ; To Clock ; Required Setup Relationship ; Required Longest P2P Time ; Actual Longest P2P Time ;
+-----------------------------------------+-----------------------------------------------------+---------------------------+--------------------------+------------+----------+-----------------------------+---------------------------+-------------------------+
; N/A                                     ; 165.78 MHz ( period = 6.032 ns )                    ; Registrador:PC|Saida[2]   ; Registrador:PC|Saida[31] ; clock      ; clock    ; None                        ; None                      ; 5.862 ns                ;
; N/A                                     ; 166.03 MHz ( period = 6.023 ns )                    ; Registrador:PC|Saida[2]   ; Registrador:PC|Saida[30] ; clock      ; clock    ; None                        ; None                      ; 5.854 ns                ;
; N/A                                     ; 166.11 MHz ( period = 6.020 ns )                    ; Instr_Reg:IR|Instr15_0[3] ; Registrador:PC|Saida[31] ; clock      ; clock    ; None                        ; None                      ; 5.850 ns                ;
; N/A                                     ; 166.36 MHz ( period = 6.011 ns )                    ; Instr_Reg:IR|Instr15_0[3] ; Registrador:PC|Saida[30] ; clock      ; clock    ; None                        ; None                      ; 5.842 ns                ;
; N/A                                     ; 166.86 MHz ( period = 5.993 ns )                    ; Registrador:PC|Saida[1]   ; Registrador:PC|Saida[31] ; clock      ; clock    ; None                        ; None                      ; 5.823 ns                ;
; N/A                                     ; 167.08 MHz ( period = 5.985 ns )                    ; Registrador:PC|Saida[0]   ; Registrador:PC|Saida[31] ; clock      ; clock    ; None                        ; None                      ; 5.815 ns                ;
; N/A                                     ; 167.11 MHz ( period = 5.984 ns )                    ; Registrador:PC|Saida[1]   ; Registrador:PC|Saida[30] ; clock      ; clock    ; None                        ; None                      ; 5.815 ns                ;
; N/A                                     ; 167.34 MHz ( period = 5.976 ns )                    ; Registrador:PC|Saida[0]   ; Registrador:PC|Saida[30] ; clock      ; clock    ; None                        ; None                      ; 5.807 ns                ;
; N/A                                     ; 167.45 MHz ( period = 5.972 ns )                    ; Registrador:PC|Saida[5]   ; Registrador:PC|Saida[31] ; clock      ; clock    ; None                        ; None                      ; 5.802 ns                ;
; N/A                                     ; 167.70 MHz ( period = 5.963 ns )                    ; Registrador:PC|Saida[5]   ; Registrador:PC|Saida[30] ; clock      ; clock    ; None                        ; None                      ; 5.794 ns                ;
; N/A                                     ; 168.89 MHz ( period = 5.921 ns )                    ; Instr_Reg:IR|Instr15_0[0] ; Registrador:PC|Saida[31] ; clock      ; clock    ; None                        ; None                      ; 5.751 ns                ;
; N/A                                     ; 169.06 MHz ( period = 5.915 ns )                    ; Instr_Reg:IR|Instr15_0[2] ; Registrador:PC|Saida[31] ; clock      ; clock    ; None                        ; None                      ; 5.745 ns                ;
; N/A                                     ; 169.15 MHz ( period = 5.912 ns )                    ; Instr_Reg:IR|Instr15_0[0] ; Registrador:PC|Saida[30] ; clock      ; clock    ; None                        ; None                      ; 5.743 ns                ;
; N/A                                     ; 169.32 MHz ( period = 5.906 ns )                    ; Instr_Reg:IR|Instr15_0[2] ; Registrador:PC|Saida[30] ; clock      ; clock    ; None                        ; None                      ; 5.737 ns                ;
; N/A                                     ; 169.38 MHz ( period = 5.904 ns )                    ; Registrador:PC|Saida[2]   ; Registrador:PC|Saida[29] ; clock      ; clock    ; None                        ; None                      ; 5.734 ns                ;
; N/A                                     ; 169.41 MHz ( period = 5.903 ns )                    ; Instr_Reg:IR|Instr15_0[5] ; Registrador:PC|Saida[31] ; clock      ; clock    ; None                        ; None                      ; 5.733 ns                ;
; N/A                                     ; 169.66 MHz ( period = 5.894 ns )                    ; Instr_Reg:IR|Instr15_0[5] ; Registrador:PC|Saida[30] ; clock      ; clock    ; None                        ; None                      ; 5.725 ns                ;
; N/A                                     ; 169.72 MHz ( period = 5.892 ns )                    ; Instr_Reg:IR|Instr15_0[3] ; Registrador:PC|Saida[29] ; clock      ; clock    ; None                        ; None                      ; 5.722 ns                ;
; N/A                                     ; 170.27 MHz ( period = 5.873 ns )                    ; Registrador:PC|Saida[4]   ; Registrador:PC|Saida[31] ; clock      ; clock    ; None                        ; None                      ; 5.703 ns                ;
; N/A                                     ; 170.50 MHz ( period = 5.865 ns )                    ; Registrador:PC|Saida[1]   ; Registrador:PC|Saida[29] ; clock      ; clock    ; None                        ; None                      ; 5.695 ns                ;
; N/A                                     ; 170.53 MHz ( period = 5.864 ns )                    ; Registrador:PC|Saida[4]   ; Registrador:PC|Saida[30] ; clock      ; clock    ; None                        ; None                      ; 5.695 ns                ;
; N/A                                     ; 170.74 MHz ( period = 5.857 ns )                    ; Registrador:PC|Saida[0]   ; Registrador:PC|Saida[29] ; clock      ; clock    ; None                        ; None                      ; 5.687 ns                ;
; N/A                                     ; 171.12 MHz ( period = 5.844 ns )                    ; Registrador:PC|Saida[5]   ; Registrador:PC|Saida[29] ; clock      ; clock    ; None                        ; None                      ; 5.674 ns                ;
; N/A                                     ; 171.56 MHz ( period = 5.829 ns )                    ; Instr_Reg:IR|Instr15_0[4] ; Registrador:PC|Saida[31] ; clock      ; clock    ; None                        ; None                      ; 5.659 ns                ;
; N/A                                     ; 171.82 MHz ( period = 5.820 ns )                    ; Instr_Reg:IR|Instr15_0[4] ; Registrador:PC|Saida[30] ; clock      ; clock    ; None                        ; None                      ; 5.651 ns                ;
; N/A                                     ; 172.62 MHz ( period = 5.793 ns )                    ; Instr_Reg:IR|Instr15_0[0] ; Registrador:PC|Saida[29] ; clock      ; clock    ; None                        ; None                      ; 5.623 ns                ;
; N/A                                     ; 172.80 MHz ( period = 5.787 ns )                    ; Instr_Reg:IR|Instr15_0[2] ; Registrador:PC|Saida[29] ; clock      ; clock    ; None                        ; None                      ; 5.617 ns                ;
; N/A                                     ; 173.16 MHz ( period = 5.775 ns )                    ; Instr_Reg:IR|Instr15_0[5] ; Registrador:PC|Saida[29] ; clock      ; clock    ; None                        ; None                      ; 5.605 ns                ;
; N/A                                     ; 173.43 MHz ( period = 5.766 ns )                    ; Instr_Reg:IR|Instr15_0[1] ; Registrador:PC|Saida[31] ; clock      ; clock    ; None                        ; None                      ; 5.596 ns                ;
; N/A                                     ; 173.70 MHz ( period = 5.757 ns )                    ; Instr_Reg:IR|Instr15_0[1] ; Registrador:PC|Saida[30] ; clock      ; clock    ; None                        ; None                      ; 5.588 ns                ;
; N/A                                     ; 174.06 MHz ( period = 5.745 ns )                    ; Registrador:PC|Saida[4]   ; Registrador:PC|Saida[29] ; clock      ; clock    ; None                        ; None                      ; 5.575 ns                ;
; N/A                                     ; 174.40 MHz ( period = 5.734 ns )                    ; Registrador:PC|Saida[3]   ; Registrador:PC|Saida[31] ; clock      ; clock    ; None                        ; None                      ; 5.564 ns                ;
; N/A                                     ; 174.67 MHz ( period = 5.725 ns )                    ; Registrador:PC|Saida[3]   ; Registrador:PC|Saida[30] ; clock      ; clock    ; None                        ; None                      ; 5.556 ns                ;
; N/A                                     ; 175.41 MHz ( period = 5.701 ns )                    ; Instr_Reg:IR|Instr15_0[4] ; Registrador:PC|Saida[29] ; clock      ; clock    ; None                        ; None                      ; 5.531 ns                ;
; N/A                                     ; 176.46 MHz ( period = 5.667 ns )                    ; Registrador:PC|Saida[2]   ; Registrador:PC|Saida[28] ; clock      ; clock    ; None                        ; None                      ; 5.498 ns                ;
; N/A                                     ; 176.83 MHz ( period = 5.655 ns )                    ; Instr_Reg:IR|Instr15_0[3] ; Registrador:PC|Saida[28] ; clock      ; clock    ; None                        ; None                      ; 5.486 ns                ;
; N/A                                     ; 177.37 MHz ( period = 5.638 ns )                    ; Instr_Reg:IR|Instr15_0[1] ; Registrador:PC|Saida[29] ; clock      ; clock    ; None                        ; None                      ; 5.468 ns                ;
; N/A                                     ; 177.68 MHz ( period = 5.628 ns )                    ; Registrador:PC|Saida[1]   ; Registrador:PC|Saida[28] ; clock      ; clock    ; None                        ; None                      ; 5.459 ns                ;
; N/A                                     ; 177.94 MHz ( period = 5.620 ns )                    ; Registrador:PC|Saida[0]   ; Registrador:PC|Saida[28] ; clock      ; clock    ; None                        ; None                      ; 5.451 ns                ;
; N/A                                     ; 178.35 MHz ( period = 5.607 ns )                    ; Registrador:PC|Saida[5]   ; Registrador:PC|Saida[28] ; clock      ; clock    ; None                        ; None                      ; 5.438 ns                ;
; N/A                                     ; 178.38 MHz ( period = 5.606 ns )                    ; Registrador:PC|Saida[3]   ; Registrador:PC|Saida[29] ; clock      ; clock    ; None                        ; None                      ; 5.436 ns                ;
; N/A                                     ; 179.99 MHz ( period = 5.556 ns )                    ; Instr_Reg:IR|Instr15_0[0] ; Registrador:PC|Saida[28] ; clock      ; clock    ; None                        ; None                      ; 5.387 ns                ;
; N/A                                     ; 180.18 MHz ( period = 5.550 ns )                    ; Instr_Reg:IR|Instr15_0[2] ; Registrador:PC|Saida[28] ; clock      ; clock    ; None                        ; None                      ; 5.381 ns                ;
; N/A                                     ; 180.57 MHz ( period = 5.538 ns )                    ; Instr_Reg:IR|Instr15_0[5] ; Registrador:PC|Saida[28] ; clock      ; clock    ; None                        ; None                      ; 5.369 ns                ;
; N/A                                     ; 180.80 MHz ( period = 5.531 ns )                    ; Registrador:PC|Saida[2]   ; Registrador:PC|Saida[27] ; clock      ; clock    ; None                        ; None                      ; 5.361 ns                ;
; N/A                                     ; 181.19 MHz ( period = 5.519 ns )                    ; Instr_Reg:IR|Instr15_0[3] ; Registrador:PC|Saida[27] ; clock      ; clock    ; None                        ; None                      ; 5.349 ns                ;
; N/A                                     ; 181.49 MHz ( period = 5.510 ns )                    ; Registrador:PC|Saida[6]   ; Registrador:PC|Saida[31] ; clock      ; clock    ; None                        ; None                      ; 5.336 ns                ;
; N/A                                     ; 181.55 MHz ( period = 5.508 ns )                    ; Registrador:PC|Saida[4]   ; Registrador:PC|Saida[28] ; clock      ; clock    ; None                        ; None                      ; 5.339 ns                ;
; N/A                                     ; 181.79 MHz ( period = 5.501 ns )                    ; Registrador:PC|Saida[6]   ; Registrador:PC|Saida[30] ; clock      ; clock    ; None                        ; None                      ; 5.328 ns                ;
; N/A                                     ; 182.08 MHz ( period = 5.492 ns )                    ; Registrador:PC|Saida[1]   ; Registrador:PC|Saida[27] ; clock      ; clock    ; None                        ; None                      ; 5.322 ns                ;
; N/A                                     ; 182.35 MHz ( period = 5.484 ns )                    ; Registrador:PC|Saida[0]   ; Registrador:PC|Saida[27] ; clock      ; clock    ; None                        ; None                      ; 5.314 ns                ;
; N/A                                     ; 182.78 MHz ( period = 5.471 ns )                    ; Registrador:PC|Saida[5]   ; Registrador:PC|Saida[27] ; clock      ; clock    ; None                        ; None                      ; 5.301 ns                ;
; N/A                                     ; 183.02 MHz ( period = 5.464 ns )                    ; Instr_Reg:IR|Instr15_0[4] ; Registrador:PC|Saida[28] ; clock      ; clock    ; None                        ; None                      ; 5.295 ns                ;
; N/A                                     ; 184.50 MHz ( period = 5.420 ns )                    ; Instr_Reg:IR|Instr15_0[0] ; Registrador:PC|Saida[27] ; clock      ; clock    ; None                        ; None                      ; 5.250 ns                ;
; N/A                                     ; 184.71 MHz ( period = 5.414 ns )                    ; Instr_Reg:IR|Instr15_0[2] ; Registrador:PC|Saida[27] ; clock      ; clock    ; None                        ; None                      ; 5.244 ns                ;
; N/A                                     ; 184.81 MHz ( period = 5.411 ns )                    ; Registrador:PC|Saida[7]   ; Registrador:PC|Saida[31] ; clock      ; clock    ; None                        ; None                      ; 5.237 ns                ;
; N/A                                     ; 185.12 MHz ( period = 5.402 ns )                    ; Instr_Reg:IR|Instr15_0[5] ; Registrador:PC|Saida[27] ; clock      ; clock    ; None                        ; None                      ; 5.232 ns                ;
; N/A                                     ; 185.12 MHz ( period = 5.402 ns )                    ; Registrador:PC|Saida[7]   ; Registrador:PC|Saida[30] ; clock      ; clock    ; None                        ; None                      ; 5.229 ns                ;
; N/A                                     ; 185.15 MHz ( period = 5.401 ns )                    ; Instr_Reg:IR|Instr15_0[1] ; Registrador:PC|Saida[28] ; clock      ; clock    ; None                        ; None                      ; 5.232 ns                ;
; N/A                                     ; 185.56 MHz ( period = 5.389 ns )                    ; Registrador:PC|Saida[2]   ; Registrador:PC|Saida[26] ; clock      ; clock    ; None                        ; None                      ; 5.220 ns                ;
; N/A                                     ; 185.80 MHz ( period = 5.382 ns )                    ; Registrador:PC|Saida[6]   ; Registrador:PC|Saida[29] ; clock      ; clock    ; None                        ; None                      ; 5.208 ns                ;
; N/A                                     ; 185.98 MHz ( period = 5.377 ns )                    ; Instr_Reg:IR|Instr15_0[3] ; Registrador:PC|Saida[26] ; clock      ; clock    ; None                        ; None                      ; 5.208 ns                ;
; N/A                                     ; 186.15 MHz ( period = 5.372 ns )                    ; Registrador:PC|Saida[4]   ; Registrador:PC|Saida[27] ; clock      ; clock    ; None                        ; None                      ; 5.202 ns                ;
; N/A                                     ; 186.25 MHz ( period = 5.369 ns )                    ; Registrador:PC|Saida[3]   ; Registrador:PC|Saida[28] ; clock      ; clock    ; None                        ; None                      ; 5.200 ns                ;
; N/A                                     ; 186.92 MHz ( period = 5.350 ns )                    ; Registrador:PC|Saida[1]   ; Registrador:PC|Saida[26] ; clock      ; clock    ; None                        ; None                      ; 5.181 ns                ;
; N/A                                     ; 187.20 MHz ( period = 5.342 ns )                    ; Registrador:PC|Saida[0]   ; Registrador:PC|Saida[26] ; clock      ; clock    ; None                        ; None                      ; 5.173 ns                ;
; N/A                                     ; 187.65 MHz ( period = 5.329 ns )                    ; Registrador:PC|Saida[5]   ; Registrador:PC|Saida[26] ; clock      ; clock    ; None                        ; None                      ; 5.160 ns                ;
; N/A                                     ; 187.69 MHz ( period = 5.328 ns )                    ; Instr_Reg:IR|Instr15_0[4] ; Registrador:PC|Saida[27] ; clock      ; clock    ; None                        ; None                      ; 5.158 ns                ;
; N/A                                     ; 189.29 MHz ( period = 5.283 ns )                    ; Registrador:PC|Saida[7]   ; Registrador:PC|Saida[29] ; clock      ; clock    ; None                        ; None                      ; 5.109 ns                ;
; N/A                                     ; 189.47 MHz ( period = 5.278 ns )                    ; Instr_Reg:IR|Instr15_0[0] ; Registrador:PC|Saida[26] ; clock      ; clock    ; None                        ; None                      ; 5.109 ns                ;
; N/A                                     ; 189.68 MHz ( period = 5.272 ns )                    ; Instr_Reg:IR|Instr15_0[2] ; Registrador:PC|Saida[26] ; clock      ; clock    ; None                        ; None                      ; 5.103 ns                ;
; N/A                                     ; 189.93 MHz ( period = 5.265 ns )                    ; Instr_Reg:IR|Instr15_0[1] ; Registrador:PC|Saida[27] ; clock      ; clock    ; None                        ; None                      ; 5.095 ns                ;
; N/A                                     ; 190.11 MHz ( period = 5.260 ns )                    ; Instr_Reg:IR|Instr15_0[5] ; Registrador:PC|Saida[26] ; clock      ; clock    ; None                        ; None                      ; 5.091 ns                ;
; N/A                                     ; 191.09 MHz ( period = 5.233 ns )                    ; Registrador:PC|Saida[3]   ; Registrador:PC|Saida[27] ; clock      ; clock    ; None                        ; None                      ; 5.063 ns                ;
; N/A                                     ; 191.20 MHz ( period = 5.230 ns )                    ; Registrador:PC|Saida[4]   ; Registrador:PC|Saida[26] ; clock      ; clock    ; None                        ; None                      ; 5.061 ns                ;
; N/A                                     ; 192.16 MHz ( period = 5.204 ns )                    ; Registrador:PC|Saida[2]   ; Registrador:PC|Saida[25] ; clock      ; clock    ; None                        ; None                      ; 5.034 ns                ;
; N/A                                     ; 192.38 MHz ( period = 5.198 ns )                    ; Instr_Reg:IR|Instr15_0[7] ; Registrador:PC|Saida[31] ; clock      ; clock    ; None                        ; None                      ; 5.028 ns                ;
; N/A                                     ; 192.60 MHz ( period = 5.192 ns )                    ; Instr_Reg:IR|Instr15_0[3] ; Registrador:PC|Saida[25] ; clock      ; clock    ; None                        ; None                      ; 5.022 ns                ;
; N/A                                     ; 192.72 MHz ( period = 5.189 ns )                    ; Instr_Reg:IR|Instr15_0[7] ; Registrador:PC|Saida[30] ; clock      ; clock    ; None                        ; None                      ; 5.020 ns                ;
; N/A                                     ; 192.83 MHz ( period = 5.186 ns )                    ; Instr_Reg:IR|Instr15_0[4] ; Registrador:PC|Saida[26] ; clock      ; clock    ; None                        ; None                      ; 5.017 ns                ;
; N/A                                     ; 193.61 MHz ( period = 5.165 ns )                    ; Registrador:PC|Saida[1]   ; Registrador:PC|Saida[25] ; clock      ; clock    ; None                        ; None                      ; 4.995 ns                ;
; N/A                                     ; 193.91 MHz ( period = 5.157 ns )                    ; Registrador:PC|Saida[0]   ; Registrador:PC|Saida[25] ; clock      ; clock    ; None                        ; None                      ; 4.987 ns                ;
; N/A                                     ; 194.36 MHz ( period = 5.145 ns )                    ; Registrador:PC|Saida[6]   ; Registrador:PC|Saida[28] ; clock      ; clock    ; None                        ; None                      ; 4.972 ns                ;
; N/A                                     ; 194.40 MHz ( period = 5.144 ns )                    ; Registrador:PC|Saida[5]   ; Registrador:PC|Saida[25] ; clock      ; clock    ; None                        ; None                      ; 4.974 ns                ;
; N/A                                     ; 195.20 MHz ( period = 5.123 ns )                    ; Instr_Reg:IR|Instr15_0[1] ; Registrador:PC|Saida[26] ; clock      ; clock    ; None                        ; None                      ; 4.954 ns                ;
; N/A                                     ; 196.35 MHz ( period = 5.093 ns )                    ; Instr_Reg:IR|Instr15_0[0] ; Registrador:PC|Saida[25] ; clock      ; clock    ; None                        ; None                      ; 4.923 ns                ;
; N/A                                     ; 196.43 MHz ( period = 5.091 ns )                    ; Registrador:PC|Saida[3]   ; Registrador:PC|Saida[26] ; clock      ; clock    ; None                        ; None                      ; 4.922 ns                ;
; N/A                                     ; 196.58 MHz ( period = 5.087 ns )                    ; Instr_Reg:IR|Instr15_0[2] ; Registrador:PC|Saida[25] ; clock      ; clock    ; None                        ; None                      ; 4.917 ns                ;
; N/A                                     ; 197.04 MHz ( period = 5.075 ns )                    ; Instr_Reg:IR|Instr15_0[5] ; Registrador:PC|Saida[25] ; clock      ; clock    ; None                        ; None                      ; 4.905 ns                ;
; N/A                                     ; 197.24 MHz ( period = 5.070 ns )                    ; Instr_Reg:IR|Instr15_0[7] ; Registrador:PC|Saida[29] ; clock      ; clock    ; None                        ; None                      ; 4.900 ns                ;
; N/A                                     ; 198.18 MHz ( period = 5.046 ns )                    ; Registrador:PC|Saida[7]   ; Registrador:PC|Saida[28] ; clock      ; clock    ; None                        ; None                      ; 4.873 ns                ;
; N/A                                     ; 198.22 MHz ( period = 5.045 ns )                    ; Registrador:PC|Saida[4]   ; Registrador:PC|Saida[25] ; clock      ; clock    ; None                        ; None                      ; 4.875 ns                ;
; N/A                                     ; 199.64 MHz ( period = 5.009 ns )                    ; Registrador:PC|Saida[6]   ; Registrador:PC|Saida[27] ; clock      ; clock    ; None                        ; None                      ; 4.835 ns                ;
; N/A                                     ; 199.96 MHz ( period = 5.001 ns )                    ; Instr_Reg:IR|Instr15_0[4] ; Registrador:PC|Saida[25] ; clock      ; clock    ; None                        ; None                      ; 4.831 ns                ;
; N/A                                     ; 201.69 MHz ( period = 4.958 ns )                    ; Registrador:PC|Saida[2]   ; Registrador:PC|Saida[24] ; clock      ; clock    ; None                        ; None                      ; 4.789 ns                ;
; N/A                                     ; 202.18 MHz ( period = 4.946 ns )                    ; Instr_Reg:IR|Instr15_0[3] ; Registrador:PC|Saida[24] ; clock      ; clock    ; None                        ; None                      ; 4.777 ns                ;
; N/A                                     ; 202.51 MHz ( period = 4.938 ns )                    ; Instr_Reg:IR|Instr15_0[1] ; Registrador:PC|Saida[25] ; clock      ; clock    ; None                        ; None                      ; 4.768 ns                ;
; N/A                                     ; 203.29 MHz ( period = 4.919 ns )                    ; Registrador:PC|Saida[1]   ; Registrador:PC|Saida[24] ; clock      ; clock    ; None                        ; None                      ; 4.750 ns                ;
; N/A                                     ; 203.62 MHz ( period = 4.911 ns )                    ; Registrador:PC|Saida[0]   ; Registrador:PC|Saida[24] ; clock      ; clock    ; None                        ; None                      ; 4.742 ns                ;
; N/A                                     ; 203.67 MHz ( period = 4.910 ns )                    ; Registrador:PC|Saida[7]   ; Registrador:PC|Saida[27] ; clock      ; clock    ; None                        ; None                      ; 4.736 ns                ;
; N/A                                     ; 203.83 MHz ( period = 4.906 ns )                    ; Registrador:PC|Saida[3]   ; Registrador:PC|Saida[25] ; clock      ; clock    ; None                        ; None                      ; 4.736 ns                ;
; N/A                                     ; 204.16 MHz ( period = 4.898 ns )                    ; Registrador:PC|Saida[5]   ; Registrador:PC|Saida[24] ; clock      ; clock    ; None                        ; None                      ; 4.729 ns                ;
; N/A                                     ; 205.00 MHz ( period = 4.878 ns )                    ; Instr_Reg:IR|Instr15_0[6] ; Registrador:PC|Saida[31] ; clock      ; clock    ; None                        ; None                      ; 4.708 ns                ;
; N/A                                     ; 205.38 MHz ( period = 4.869 ns )                    ; Instr_Reg:IR|Instr15_0[6] ; Registrador:PC|Saida[30] ; clock      ; clock    ; None                        ; None                      ; 4.700 ns                ;
; N/A                                     ; 205.47 MHz ( period = 4.867 ns )                    ; Registrador:PC|Saida[6]   ; Registrador:PC|Saida[26] ; clock      ; clock    ; None                        ; None                      ; 4.694 ns                ;
; N/A                                     ; 206.31 MHz ( period = 4.847 ns )                    ; Instr_Reg:IR|Instr15_0[0] ; Registrador:PC|Saida[24] ; clock      ; clock    ; None                        ; None                      ; 4.678 ns                ;
; N/A                                     ; 206.57 MHz ( period = 4.841 ns )                    ; Instr_Reg:IR|Instr15_0[2] ; Registrador:PC|Saida[24] ; clock      ; clock    ; None                        ; None                      ; 4.672 ns                ;
; N/A                                     ; 206.91 MHz ( period = 4.833 ns )                    ; Instr_Reg:IR|Instr15_0[7] ; Registrador:PC|Saida[28] ; clock      ; clock    ; None                        ; None                      ; 4.664 ns                ;
; N/A                                     ; 207.08 MHz ( period = 4.829 ns )                    ; Instr_Reg:IR|Instr15_0[5] ; Registrador:PC|Saida[24] ; clock      ; clock    ; None                        ; None                      ; 4.660 ns                ;
; N/A                                     ; 207.21 MHz ( period = 4.826 ns )                    ; Registrador:PC|Saida[2]   ; Registrador:PC|Saida[19] ; clock      ; clock    ; None                        ; None                      ; 4.656 ns                ;
; N/A                                     ; 207.25 MHz ( period = 4.825 ns )                    ; Registrador:PC|Saida[2]   ; Registrador:PC|Saida[18] ; clock      ; clock    ; None                        ; None                      ; 4.655 ns                ;
; N/A                                     ; 207.73 MHz ( period = 4.814 ns )                    ; Instr_Reg:IR|Instr15_0[3] ; Registrador:PC|Saida[19] ; clock      ; clock    ; None                        ; None                      ; 4.644 ns                ;
; N/A                                     ; 207.77 MHz ( period = 4.813 ns )                    ; Instr_Reg:IR|Instr15_0[3] ; Registrador:PC|Saida[18] ; clock      ; clock    ; None                        ; None                      ; 4.643 ns                ;
; N/A                                     ; 208.38 MHz ( period = 4.799 ns )                    ; Registrador:PC|Saida[4]   ; Registrador:PC|Saida[24] ; clock      ; clock    ; None                        ; None                      ; 4.630 ns                ;
; N/A                                     ; 208.90 MHz ( period = 4.787 ns )                    ; Registrador:PC|Saida[1]   ; Registrador:PC|Saida[19] ; clock      ; clock    ; None                        ; None                      ; 4.617 ns                ;
; N/A                                     ; 208.94 MHz ( period = 4.786 ns )                    ; Registrador:PC|Saida[1]   ; Registrador:PC|Saida[18] ; clock      ; clock    ; None                        ; None                      ; 4.616 ns                ;
; N/A                                     ; 209.25 MHz ( period = 4.779 ns )                    ; Registrador:PC|Saida[0]   ; Registrador:PC|Saida[19] ; clock      ; clock    ; None                        ; None                      ; 4.609 ns                ;
; N/A                                     ; 209.29 MHz ( period = 4.778 ns )                    ; Registrador:PC|Saida[0]   ; Registrador:PC|Saida[18] ; clock      ; clock    ; None                        ; None                      ; 4.608 ns                ;
; N/A                                     ; 209.73 MHz ( period = 4.768 ns )                    ; Registrador:PC|Saida[7]   ; Registrador:PC|Saida[26] ; clock      ; clock    ; None                        ; None                      ; 4.595 ns                ;
; N/A                                     ; 209.82 MHz ( period = 4.766 ns )                    ; Registrador:PC|Saida[5]   ; Registrador:PC|Saida[19] ; clock      ; clock    ; None                        ; None                      ; 4.596 ns                ;
; N/A                                     ; 209.86 MHz ( period = 4.765 ns )                    ; Registrador:PC|Saida[5]   ; Registrador:PC|Saida[18] ; clock      ; clock    ; None                        ; None                      ; 4.595 ns                ;
; N/A                                     ; 210.08 MHz ( period = 4.760 ns )                    ; Registrador:PC|Saida[2]   ; Registrador:PC|Saida[23] ; clock      ; clock    ; None                        ; None                      ; 4.590 ns                ;
; N/A                                     ; 210.30 MHz ( period = 4.755 ns )                    ; Instr_Reg:IR|Instr15_0[4] ; Registrador:PC|Saida[24] ; clock      ; clock    ; None                        ; None                      ; 4.586 ns                ;
; N/A                                     ; 210.53 MHz ( period = 4.750 ns )                    ; Instr_Reg:IR|Instr15_0[6] ; Registrador:PC|Saida[29] ; clock      ; clock    ; None                        ; None                      ; 4.580 ns                ;
; N/A                                     ; 210.61 MHz ( period = 4.748 ns )                    ; Instr_Reg:IR|Instr15_0[3] ; Registrador:PC|Saida[23] ; clock      ; clock    ; None                        ; None                      ; 4.578 ns                ;
; N/A                                     ; 211.82 MHz ( period = 4.721 ns )                    ; Registrador:PC|Saida[1]   ; Registrador:PC|Saida[23] ; clock      ; clock    ; None                        ; None                      ; 4.551 ns                ;
; N/A                                     ; 212.09 MHz ( period = 4.715 ns )                    ; Instr_Reg:IR|Instr15_0[0] ; Registrador:PC|Saida[19] ; clock      ; clock    ; None                        ; None                      ; 4.545 ns                ;
; N/A                                     ; 212.13 MHz ( period = 4.714 ns )                    ; Instr_Reg:IR|Instr15_0[0] ; Registrador:PC|Saida[18] ; clock      ; clock    ; None                        ; None                      ; 4.544 ns                ;
; N/A                                     ; 212.18 MHz ( period = 4.713 ns )                    ; Registrador:PC|Saida[0]   ; Registrador:PC|Saida[23] ; clock      ; clock    ; None                        ; None                      ; 4.543 ns                ;
; N/A                                     ; 212.36 MHz ( period = 4.709 ns )                    ; Instr_Reg:IR|Instr15_0[2] ; Registrador:PC|Saida[19] ; clock      ; clock    ; None                        ; None                      ; 4.539 ns                ;
; N/A                                     ; 212.40 MHz ( period = 4.708 ns )                    ; Instr_Reg:IR|Instr15_0[2] ; Registrador:PC|Saida[18] ; clock      ; clock    ; None                        ; None                      ; 4.538 ns                ;
; N/A                                     ; 212.77 MHz ( period = 4.700 ns )                    ; Registrador:PC|Saida[5]   ; Registrador:PC|Saida[23] ; clock      ; clock    ; None                        ; None                      ; 4.530 ns                ;
; N/A                                     ; 212.90 MHz ( period = 4.697 ns )                    ; Instr_Reg:IR|Instr15_0[5] ; Registrador:PC|Saida[19] ; clock      ; clock    ; None                        ; None                      ; 4.527 ns                ;
; N/A                                     ; 212.90 MHz ( period = 4.697 ns )                    ; Instr_Reg:IR|Instr15_0[7] ; Registrador:PC|Saida[27] ; clock      ; clock    ; None                        ; None                      ; 4.527 ns                ;
; N/A                                     ; 212.95 MHz ( period = 4.696 ns )                    ; Instr_Reg:IR|Instr15_0[5] ; Registrador:PC|Saida[18] ; clock      ; clock    ; None                        ; None                      ; 4.526 ns                ;
; N/A                                     ; 213.13 MHz ( period = 4.692 ns )                    ; Instr_Reg:IR|Instr15_0[1] ; Registrador:PC|Saida[24] ; clock      ; clock    ; None                        ; None                      ; 4.523 ns                ;
; N/A                                     ; 213.58 MHz ( period = 4.682 ns )                    ; Registrador:PC|Saida[2]   ; Registrador:PC|Saida[22] ; clock      ; clock    ; None                        ; None                      ; 4.513 ns                ;
; N/A                                     ; 213.58 MHz ( period = 4.682 ns )                    ; Registrador:PC|Saida[6]   ; Registrador:PC|Saida[25] ; clock      ; clock    ; None                        ; None                      ; 4.508 ns                ;
; N/A                                     ; 214.13 MHz ( period = 4.670 ns )                    ; Instr_Reg:IR|Instr15_0[3] ; Registrador:PC|Saida[22] ; clock      ; clock    ; None                        ; None                      ; 4.501 ns                ;
; N/A                                     ; 214.27 MHz ( period = 4.667 ns )                    ; Registrador:PC|Saida[4]   ; Registrador:PC|Saida[19] ; clock      ; clock    ; None                        ; None                      ; 4.497 ns                ;
; N/A                                     ; 214.32 MHz ( period = 4.666 ns )                    ; Registrador:PC|Saida[4]   ; Registrador:PC|Saida[18] ; clock      ; clock    ; None                        ; None                      ; 4.496 ns                ;
; N/A                                     ; 214.59 MHz ( period = 4.660 ns )                    ; Registrador:PC|Saida[3]   ; Registrador:PC|Saida[24] ; clock      ; clock    ; None                        ; None                      ; 4.491 ns                ;
; N/A                                     ; 215.10 MHz ( period = 4.649 ns )                    ; Instr_Reg:IR|Instr15_0[0] ; Registrador:PC|Saida[23] ; clock      ; clock    ; None                        ; None                      ; 4.479 ns                ;
; N/A                                     ; 215.38 MHz ( period = 4.643 ns )                    ; Registrador:PC|Saida[1]   ; Registrador:PC|Saida[22] ; clock      ; clock    ; None                        ; None                      ; 4.474 ns                ;
; N/A                                     ; 215.38 MHz ( period = 4.643 ns )                    ; Instr_Reg:IR|Instr15_0[2] ; Registrador:PC|Saida[23] ; clock      ; clock    ; None                        ; None                      ; 4.473 ns                ;
; N/A                                     ; 215.75 MHz ( period = 4.635 ns )                    ; Registrador:PC|Saida[0]   ; Registrador:PC|Saida[22] ; clock      ; clock    ; None                        ; None                      ; 4.466 ns                ;
; N/A                                     ; 215.94 MHz ( period = 4.631 ns )                    ; Instr_Reg:IR|Instr15_0[5] ; Registrador:PC|Saida[23] ; clock      ; clock    ; None                        ; None                      ; 4.461 ns                ;
; N/A                                     ; 216.31 MHz ( period = 4.623 ns )                    ; Instr_Reg:IR|Instr15_0[4] ; Registrador:PC|Saida[19] ; clock      ; clock    ; None                        ; None                      ; 4.453 ns                ;
; N/A                                     ; 216.36 MHz ( period = 4.622 ns )                    ; Instr_Reg:IR|Instr15_0[4] ; Registrador:PC|Saida[18] ; clock      ; clock    ; None                        ; None                      ; 4.452 ns                ;
; N/A                                     ; 216.36 MHz ( period = 4.622 ns )                    ; Registrador:PC|Saida[5]   ; Registrador:PC|Saida[22] ; clock      ; clock    ; None                        ; None                      ; 4.453 ns                ;
; N/A                                     ; 216.36 MHz ( period = 4.622 ns )                    ; Registrador:PC|Saida[8]   ; Registrador:PC|Saida[31] ; clock      ; clock    ; None                        ; None                      ; 4.429 ns                ;
; N/A                                     ; 216.78 MHz ( period = 4.613 ns )                    ; Registrador:PC|Saida[8]   ; Registrador:PC|Saida[30] ; clock      ; clock    ; None                        ; None                      ; 4.421 ns                ;
; N/A                                     ; 216.78 MHz ( period = 4.613 ns )                    ; Registrador:PC|Saida[9]   ; Registrador:PC|Saida[31] ; clock      ; clock    ; None                        ; None                      ; 4.420 ns                ;
; N/A                                     ; 217.20 MHz ( period = 4.604 ns )                    ; Registrador:PC|Saida[9]   ; Registrador:PC|Saida[30] ; clock      ; clock    ; None                        ; None                      ; 4.412 ns                ;
; N/A                                     ; 217.34 MHz ( period = 4.601 ns )                    ; Registrador:PC|Saida[4]   ; Registrador:PC|Saida[23] ; clock      ; clock    ; None                        ; None                      ; 4.431 ns                ;
; N/A                                     ; 218.20 MHz ( period = 4.583 ns )                    ; Registrador:PC|Saida[7]   ; Registrador:PC|Saida[25] ; clock      ; clock    ; None                        ; None                      ; 4.409 ns                ;
; N/A                                     ; 218.77 MHz ( period = 4.571 ns )                    ; Instr_Reg:IR|Instr15_0[0] ; Registrador:PC|Saida[22] ; clock      ; clock    ; None                        ; None                      ; 4.402 ns                ;
; N/A                                     ; 219.06 MHz ( period = 4.565 ns )                    ; Instr_Reg:IR|Instr15_0[2] ; Registrador:PC|Saida[22] ; clock      ; clock    ; None                        ; None                      ; 4.396 ns                ;
; N/A                                     ; 219.30 MHz ( period = 4.560 ns )                    ; Instr_Reg:IR|Instr15_0[1] ; Registrador:PC|Saida[19] ; clock      ; clock    ; None                        ; None                      ; 4.390 ns                ;
; N/A                                     ; 219.35 MHz ( period = 4.559 ns )                    ; Instr_Reg:IR|Instr15_0[1] ; Registrador:PC|Saida[18] ; clock      ; clock    ; None                        ; None                      ; 4.389 ns                ;
; N/A                                     ; 219.44 MHz ( period = 4.557 ns )                    ; Instr_Reg:IR|Instr15_0[4] ; Registrador:PC|Saida[23] ; clock      ; clock    ; None                        ; None                      ; 4.387 ns                ;
; N/A                                     ; 219.54 MHz ( period = 4.555 ns )                    ; Instr_Reg:IR|Instr15_0[7] ; Registrador:PC|Saida[26] ; clock      ; clock    ; None                        ; None                      ; 4.386 ns                ;
; N/A                                     ; 219.64 MHz ( period = 4.553 ns )                    ; Instr_Reg:IR|Instr15_0[5] ; Registrador:PC|Saida[22] ; clock      ; clock    ; None                        ; None                      ; 4.384 ns                ;
; N/A                                     ; 220.07 MHz ( period = 4.544 ns )                    ; Instr_Reg:IR|Instr15_0[8] ; Registrador:PC|Saida[31] ; clock      ; clock    ; None                        ; None                      ; 4.351 ns                ;
; N/A                                     ; 220.51 MHz ( period = 4.535 ns )                    ; Instr_Reg:IR|Instr15_0[8] ; Registrador:PC|Saida[30] ; clock      ; clock    ; None                        ; None                      ; 4.343 ns                ;
; N/A                                     ; 220.85 MHz ( period = 4.528 ns )                    ; Registrador:PC|Saida[3]   ; Registrador:PC|Saida[19] ; clock      ; clock    ; None                        ; None                      ; 4.358 ns                ;
; N/A                                     ; 220.90 MHz ( period = 4.527 ns )                    ; Registrador:PC|Saida[3]   ; Registrador:PC|Saida[18] ; clock      ; clock    ; None                        ; None                      ; 4.357 ns                ;
; N/A                                     ; 221.09 MHz ( period = 4.523 ns )                    ; Registrador:PC|Saida[4]   ; Registrador:PC|Saida[22] ; clock      ; clock    ; None                        ; None                      ; 4.354 ns                ;
; N/A                                     ; 221.58 MHz ( period = 4.513 ns )                    ; Instr_Reg:IR|Instr15_0[6] ; Registrador:PC|Saida[28] ; clock      ; clock    ; None                        ; None                      ; 4.344 ns                ;
; N/A                                     ; 222.07 MHz ( period = 4.503 ns )                    ; Registrador:PC|Saida[2]   ; Registrador:PC|Saida[20] ; clock      ; clock    ; None                        ; None                      ; 4.333 ns                ;
; N/A                                     ; 222.07 MHz ( period = 4.503 ns )                    ; Registrador:PC|Saida[2]   ; Registrador:PC|Saida[21] ; clock      ; clock    ; None                        ; None                      ; 4.333 ns                ;
; N/A                                     ; 222.52 MHz ( period = 4.494 ns )                    ; Instr_Reg:IR|Instr15_0[1] ; Registrador:PC|Saida[23] ; clock      ; clock    ; None                        ; None                      ; 4.324 ns                ;
; N/A                                     ; 222.52 MHz ( period = 4.494 ns )                    ; Registrador:PC|Saida[8]   ; Registrador:PC|Saida[29] ; clock      ; clock    ; None                        ; None                      ; 4.301 ns                ;
; N/A                                     ; 222.67 MHz ( period = 4.491 ns )                    ; Instr_Reg:IR|Instr15_0[3] ; Registrador:PC|Saida[20] ; clock      ; clock    ; None                        ; None                      ; 4.321 ns                ;
; N/A                                     ; 222.67 MHz ( period = 4.491 ns )                    ; Instr_Reg:IR|Instr15_0[3] ; Registrador:PC|Saida[21] ; clock      ; clock    ; None                        ; None                      ; 4.321 ns                ;
; N/A                                     ; 222.97 MHz ( period = 4.485 ns )                    ; Registrador:PC|Saida[9]   ; Registrador:PC|Saida[29] ; clock      ; clock    ; None                        ; None                      ; 4.292 ns                ;
; N/A                                     ; 223.26 MHz ( period = 4.479 ns )                    ; Instr_Reg:IR|Instr15_0[4] ; Registrador:PC|Saida[22] ; clock      ; clock    ; None                        ; None                      ; 4.310 ns                ;
; N/A                                     ; 224.01 MHz ( period = 4.464 ns )                    ; Registrador:PC|Saida[1]   ; Registrador:PC|Saida[20] ; clock      ; clock    ; None                        ; None                      ; 4.294 ns                ;
; N/A                                     ; 224.01 MHz ( period = 4.464 ns )                    ; Registrador:PC|Saida[1]   ; Registrador:PC|Saida[21] ; clock      ; clock    ; None                        ; None                      ; 4.294 ns                ;
; N/A                                     ; 224.11 MHz ( period = 4.462 ns )                    ; Registrador:PC|Saida[3]   ; Registrador:PC|Saida[23] ; clock      ; clock    ; None                        ; None                      ; 4.292 ns                ;
; N/A                                     ; 224.42 MHz ( period = 4.456 ns )                    ; Registrador:PC|Saida[0]   ; Registrador:PC|Saida[20] ; clock      ; clock    ; None                        ; None                      ; 4.286 ns                ;
; N/A                                     ; 224.42 MHz ( period = 4.456 ns )                    ; Registrador:PC|Saida[0]   ; Registrador:PC|Saida[21] ; clock      ; clock    ; None                        ; None                      ; 4.286 ns                ;
; N/A                                     ; 225.07 MHz ( period = 4.443 ns )                    ; Registrador:PC|Saida[5]   ; Registrador:PC|Saida[20] ; clock      ; clock    ; None                        ; None                      ; 4.273 ns                ;
; N/A                                     ; 225.07 MHz ( period = 4.443 ns )                    ; Registrador:PC|Saida[5]   ; Registrador:PC|Saida[21] ; clock      ; clock    ; None                        ; None                      ; 4.273 ns                ;
; N/A                                     ; 225.43 MHz ( period = 4.436 ns )                    ; Registrador:PC|Saida[6]   ; Registrador:PC|Saida[24] ; clock      ; clock    ; None                        ; None                      ; 4.263 ns                ;
; N/A                                     ; 226.45 MHz ( period = 4.416 ns )                    ; Instr_Reg:IR|Instr15_0[1] ; Registrador:PC|Saida[22] ; clock      ; clock    ; None                        ; None                      ; 4.247 ns                ;
; N/A                                     ; 226.45 MHz ( period = 4.416 ns )                    ; Instr_Reg:IR|Instr15_0[8] ; Registrador:PC|Saida[29] ; clock      ; clock    ; None                        ; None                      ; 4.223 ns                ;
; N/A                                     ; 227.32 MHz ( period = 4.399 ns )                    ; Registrador:PC|Saida[2]   ; Registrador:PC|Saida[17] ; clock      ; clock    ; None                        ; None                      ; 4.229 ns                ;
; N/A                                     ; 227.43 MHz ( period = 4.397 ns )                    ; Registrador:PC|Saida[2]   ; Registrador:PC|Saida[16] ; clock      ; clock    ; None                        ; None                      ; 4.227 ns                ;
; N/A                                     ; 227.69 MHz ( period = 4.392 ns )                    ; Instr_Reg:IR|Instr15_0[0] ; Registrador:PC|Saida[20] ; clock      ; clock    ; None                        ; None                      ; 4.222 ns                ;
; N/A                                     ; 227.69 MHz ( period = 4.392 ns )                    ; Instr_Reg:IR|Instr15_0[0] ; Registrador:PC|Saida[21] ; clock      ; clock    ; None                        ; None                      ; 4.222 ns                ;
; N/A                                     ; 227.95 MHz ( period = 4.387 ns )                    ; Instr_Reg:IR|Instr15_0[3] ; Registrador:PC|Saida[17] ; clock      ; clock    ; None                        ; None                      ; 4.217 ns                ;
; N/A                                     ; 228.00 MHz ( period = 4.386 ns )                    ; Instr_Reg:IR|Instr15_0[2] ; Registrador:PC|Saida[20] ; clock      ; clock    ; None                        ; None                      ; 4.216 ns                ;
; N/A                                     ; 228.00 MHz ( period = 4.386 ns )                    ; Instr_Reg:IR|Instr15_0[2] ; Registrador:PC|Saida[21] ; clock      ; clock    ; None                        ; None                      ; 4.216 ns                ;
; N/A                                     ; 228.05 MHz ( period = 4.385 ns )                    ; Instr_Reg:IR|Instr15_0[3] ; Registrador:PC|Saida[16] ; clock      ; clock    ; None                        ; None                      ; 4.215 ns                ;
; N/A                                     ; 228.10 MHz ( period = 4.384 ns )                    ; Registrador:PC|Saida[3]   ; Registrador:PC|Saida[22] ; clock      ; clock    ; None                        ; None                      ; 4.215 ns                ;
; N/A                                     ; 228.47 MHz ( period = 4.377 ns )                    ; Instr_Reg:IR|Instr15_0[6] ; Registrador:PC|Saida[27] ; clock      ; clock    ; None                        ; None                      ; 4.207 ns                ;
; N/A                                     ; 228.62 MHz ( period = 4.374 ns )                    ; Instr_Reg:IR|Instr15_0[5] ; Registrador:PC|Saida[20] ; clock      ; clock    ; None                        ; None                      ; 4.204 ns                ;
; N/A                                     ; 228.62 MHz ( period = 4.374 ns )                    ; Instr_Reg:IR|Instr15_0[5] ; Registrador:PC|Saida[21] ; clock      ; clock    ; None                        ; None                      ; 4.204 ns                ;
; N/A                                     ; 228.83 MHz ( period = 4.370 ns )                    ; Instr_Reg:IR|Instr15_0[7] ; Registrador:PC|Saida[25] ; clock      ; clock    ; None                        ; None                      ; 4.200 ns                ;
; Timing analysis restricted to 200 rows. ; To change the limit use Settings (Assignments menu) ;                           ;                          ;            ;          ;                             ;                           ;                         ;
+-----------------------------------------+-----------------------------------------------------+---------------------------+--------------------------+------------+----------+-----------------------------+---------------------------+-------------------------+


+------------------------------------------------------------------------------------------+
; tsu                                                                                      ;
+-------+--------------+------------+-------+-----------------------------------+----------+
; Slack ; Required tsu ; Actual tsu ; From  ; To                                ; To Clock ;
+-------+--------------+------------+-------+-----------------------------------+----------+
; N/A   ; None         ; 5.414 ns   ; reset ; UnidadeControle:CtrlUnit|state[3] ; clock    ;
; N/A   ; None         ; 5.148 ns   ; reset ; UnidadeControle:CtrlUnit|state[5] ; clock    ;
; N/A   ; None         ; 4.073 ns   ; reset ; UnidadeControle:CtrlUnit|state[4] ; clock    ;
; N/A   ; None         ; 3.531 ns   ; reset ; UnidadeControle:CtrlUnit|state[0] ; clock    ;
; N/A   ; None         ; 3.238 ns   ; reset ; UnidadeControle:CtrlUnit|state[1] ; clock    ;
; N/A   ; None         ; 3.232 ns   ; reset ; UnidadeControle:CtrlUnit|state[2] ; clock    ;
+-------+--------------+------------+-------+-----------------------------------+----------+


+---------------------------------------------------------------------------------------------------+
; tco                                                                                               ;
+-------+--------------+------------+-----------------------------------+--------------+------------+
; Slack ; Required tco ; Actual tco ; From                              ; To           ; From Clock ;
+-------+--------------+------------+-----------------------------------+--------------+------------+
; N/A   ; None         ; 7.282 ns   ; Instr_Reg:IR|Instr15_0[3]         ; inst15_0[3]  ; clock      ;
; N/A   ; None         ; 7.165 ns   ; Instr_Reg:IR|Instr15_0[13]        ; inst15_0[13] ; clock      ;
; N/A   ; None         ; 7.088 ns   ; Registrador:PC|Saida[26]          ; PCOut[26]    ; clock      ;
; N/A   ; None         ; 6.937 ns   ; Registrador:PC|Saida[2]           ; PCOut[2]     ; clock      ;
; N/A   ; None         ; 6.918 ns   ; Registrador:PC|Saida[0]           ; PCOut[0]     ; clock      ;
; N/A   ; None         ; 6.881 ns   ; Registrador:PC|Saida[27]          ; PCOut[27]    ; clock      ;
; N/A   ; None         ; 6.871 ns   ; Registrador:MDR|Saida[31]         ; MDROut[31]   ; clock      ;
; N/A   ; None         ; 6.858 ns   ; Registrador:MDR|Saida[4]          ; MDROut[4]    ; clock      ;
; N/A   ; None         ; 6.839 ns   ; Registrador:PC|Saida[3]           ; PCOut[3]     ; clock      ;
; N/A   ; None         ; 6.820 ns   ; Registrador:PC|Saida[5]           ; PCOut[5]     ; clock      ;
; N/A   ; None         ; 6.777 ns   ; Registrador:MDR|Saida[26]         ; MDROut[26]   ; clock      ;
; N/A   ; None         ; 6.696 ns   ; Instr_Reg:IR|Instr15_0[14]        ; inst15_0[14] ; clock      ;
; N/A   ; None         ; 6.651 ns   ; Instr_Reg:IR|Instr25_21[3]        ; rs[3]        ; clock      ;
; N/A   ; None         ; 6.607 ns   ; Registrador:MDR|Saida[6]          ; MDROut[6]    ; clock      ;
; N/A   ; None         ; 6.587 ns   ; Registrador:MDR|Saida[9]          ; MDROut[9]    ; clock      ;
; N/A   ; None         ; 6.556 ns   ; Registrador:PC|Saida[14]          ; PCOut[14]    ; clock      ;
; N/A   ; None         ; 6.545 ns   ; Registrador:MDR|Saida[28]         ; MDROut[28]   ; clock      ;
; N/A   ; None         ; 6.531 ns   ; Registrador:PC|Saida[4]           ; PCOut[4]     ; clock      ;
; N/A   ; None         ; 6.521 ns   ; Instr_Reg:IR|Instr31_26[2]        ; OPCode[2]    ; clock      ;
; N/A   ; None         ; 6.520 ns   ; Registrador:PC|Saida[28]          ; PCOut[28]    ; clock      ;
; N/A   ; None         ; 6.515 ns   ; Instr_Reg:IR|Instr31_26[3]        ; OPCode[3]    ; clock      ;
; N/A   ; None         ; 6.469 ns   ; Registrador:MDR|Saida[27]         ; MDROut[27]   ; clock      ;
; N/A   ; None         ; 6.451 ns   ; Registrador:PC|Saida[1]           ; PCOut[1]     ; clock      ;
; N/A   ; None         ; 6.441 ns   ; Registrador:MDR|Saida[23]         ; MDROut[23]   ; clock      ;
; N/A   ; None         ; 6.337 ns   ; Registrador:PC|Saida[13]          ; PCOut[13]    ; clock      ;
; N/A   ; None         ; 6.327 ns   ; Instr_Reg:IR|Instr20_16[1]        ; rt[1]        ; clock      ;
; N/A   ; None         ; 6.301 ns   ; Registrador:MDR|Saida[5]          ; MDROut[5]    ; clock      ;
; N/A   ; None         ; 6.298 ns   ; UnidadeControle:CtrlUnit|state[2] ; CurState[2]  ; clock      ;
; N/A   ; None         ; 6.297 ns   ; Registrador:MDR|Saida[29]         ; MDROut[29]   ; clock      ;
; N/A   ; None         ; 6.293 ns   ; Instr_Reg:IR|Instr20_16[2]        ; rt[2]        ; clock      ;
; N/A   ; None         ; 6.291 ns   ; Registrador:MDR|Saida[1]          ; MDROut[1]    ; clock      ;
; N/A   ; None         ; 6.282 ns   ; Registrador:MDR|Saida[3]          ; MDROut[3]    ; clock      ;
; N/A   ; None         ; 6.277 ns   ; Registrador:PC|Saida[21]          ; PCOut[21]    ; clock      ;
; N/A   ; None         ; 6.265 ns   ; Registrador:PC|Saida[11]          ; PCOut[11]    ; clock      ;
; N/A   ; None         ; 6.264 ns   ; Registrador:MDR|Saida[21]         ; MDROut[21]   ; clock      ;
; N/A   ; None         ; 6.259 ns   ; Registrador:PC|Saida[23]          ; PCOut[23]    ; clock      ;
; N/A   ; None         ; 6.233 ns   ; Registrador:MDR|Saida[30]         ; MDROut[30]   ; clock      ;
; N/A   ; None         ; 6.222 ns   ; Registrador:MDR|Saida[7]          ; MDROut[7]    ; clock      ;
; N/A   ; None         ; 6.221 ns   ; Instr_Reg:IR|Instr15_0[12]        ; inst15_0[12] ; clock      ;
; N/A   ; None         ; 6.218 ns   ; Instr_Reg:IR|Instr25_21[1]        ; rs[1]        ; clock      ;
; N/A   ; None         ; 6.207 ns   ; Registrador:MDR|Saida[14]         ; MDROut[14]   ; clock      ;
; N/A   ; None         ; 6.184 ns   ; Instr_Reg:IR|Instr15_0[4]         ; inst15_0[4]  ; clock      ;
; N/A   ; None         ; 6.164 ns   ; Registrador:MDR|Saida[22]         ; MDROut[22]   ; clock      ;
; N/A   ; None         ; 6.130 ns   ; Registrador:MDR|Saida[24]         ; MDROut[24]   ; clock      ;
; N/A   ; None         ; 6.106 ns   ; Registrador:MDR|Saida[17]         ; MDROut[17]   ; clock      ;
; N/A   ; None         ; 6.067 ns   ; Registrador:PC|Saida[12]          ; PCOut[12]    ; clock      ;
; N/A   ; None         ; 6.064 ns   ; Instr_Reg:IR|Instr20_16[3]        ; rt[3]        ; clock      ;
; N/A   ; None         ; 6.058 ns   ; Instr_Reg:IR|Instr25_21[0]        ; rs[0]        ; clock      ;
; N/A   ; None         ; 6.039 ns   ; Instr_Reg:IR|Instr15_0[6]         ; inst15_0[6]  ; clock      ;
; N/A   ; None         ; 6.039 ns   ; Registrador:MDR|Saida[12]         ; MDROut[12]   ; clock      ;
; N/A   ; None         ; 6.026 ns   ; Registrador:MDR|Saida[19]         ; MDROut[19]   ; clock      ;
; N/A   ; None         ; 6.024 ns   ; Instr_Reg:IR|Instr15_0[0]         ; inst15_0[0]  ; clock      ;
; N/A   ; None         ; 6.019 ns   ; Registrador:MDR|Saida[16]         ; MDROut[16]   ; clock      ;
; N/A   ; None         ; 6.015 ns   ; Instr_Reg:IR|Instr25_21[2]        ; rs[2]        ; clock      ;
; N/A   ; None         ; 6.010 ns   ; Instr_Reg:IR|Instr31_26[4]        ; OPCode[4]    ; clock      ;
; N/A   ; None         ; 6.008 ns   ; Registrador:MDR|Saida[8]          ; MDROut[8]    ; clock      ;
; N/A   ; None         ; 6.004 ns   ; Registrador:PC|Saida[17]          ; PCOut[17]    ; clock      ;
; N/A   ; None         ; 5.999 ns   ; Registrador:MDR|Saida[18]         ; MDROut[18]   ; clock      ;
; N/A   ; None         ; 5.990 ns   ; Instr_Reg:IR|Instr25_21[4]        ; rs[4]        ; clock      ;
; N/A   ; None         ; 5.983 ns   ; Instr_Reg:IR|Instr15_0[1]         ; inst15_0[1]  ; clock      ;
; N/A   ; None         ; 5.983 ns   ; Registrador:MDR|Saida[25]         ; MDROut[25]   ; clock      ;
; N/A   ; None         ; 5.982 ns   ; Instr_Reg:IR|Instr15_0[10]        ; inst15_0[10] ; clock      ;
; N/A   ; None         ; 5.982 ns   ; Registrador:MDR|Saida[10]         ; MDROut[10]   ; clock      ;
; N/A   ; None         ; 5.979 ns   ; Registrador:PC|Saida[24]          ; PCOut[24]    ; clock      ;
; N/A   ; None         ; 5.977 ns   ; Registrador:PC|Saida[18]          ; PCOut[18]    ; clock      ;
; N/A   ; None         ; 5.976 ns   ; Registrador:MDR|Saida[0]          ; MDROut[0]    ; clock      ;
; N/A   ; None         ; 5.969 ns   ; Registrador:PC|Saida[7]           ; PCOut[7]     ; clock      ;
; N/A   ; None         ; 5.951 ns   ; Instr_Reg:IR|Instr31_26[1]        ; OPCode[1]    ; clock      ;
; N/A   ; None         ; 5.948 ns   ; Registrador:MDR|Saida[11]         ; MDROut[11]   ; clock      ;
; N/A   ; None         ; 5.941 ns   ; Registrador:PC|Saida[25]          ; PCOut[25]    ; clock      ;
; N/A   ; None         ; 5.929 ns   ; Instr_Reg:IR|Instr20_16[4]        ; rt[4]        ; clock      ;
; N/A   ; None         ; 5.899 ns   ; Instr_Reg:IR|Instr15_0[2]         ; inst15_0[2]  ; clock      ;
; N/A   ; None         ; 5.861 ns   ; Registrador:PC|Saida[20]          ; PCOut[20]    ; clock      ;
; N/A   ; None         ; 5.812 ns   ; UnidadeControle:CtrlUnit|state[5] ; CurState[5]  ; clock      ;
; N/A   ; None         ; 5.800 ns   ; Registrador:PC|Saida[10]          ; PCOut[10]    ; clock      ;
; N/A   ; None         ; 5.790 ns   ; UnidadeControle:CtrlUnit|state[0] ; CurState[0]  ; clock      ;
; N/A   ; None         ; 5.788 ns   ; Instr_Reg:IR|Instr20_16[0]        ; rt[0]        ; clock      ;
; N/A   ; None         ; 5.788 ns   ; Registrador:MDR|Saida[20]         ; MDROut[20]   ; clock      ;
; N/A   ; None         ; 5.788 ns   ; Registrador:MDR|Saida[2]          ; MDROut[2]    ; clock      ;
; N/A   ; None         ; 5.768 ns   ; Registrador:PC|Saida[16]          ; PCOut[16]    ; clock      ;
; N/A   ; None         ; 5.755 ns   ; Instr_Reg:IR|Instr31_26[0]        ; OPCode[0]    ; clock      ;
; N/A   ; None         ; 5.732 ns   ; Registrador:PC|Saida[31]          ; PCOut[31]    ; clock      ;
; N/A   ; None         ; 5.723 ns   ; Registrador:MDR|Saida[13]         ; MDROut[13]   ; clock      ;
; N/A   ; None         ; 5.723 ns   ; Instr_Reg:IR|Instr31_26[5]        ; OPCode[5]    ; clock      ;
; N/A   ; None         ; 5.721 ns   ; Registrador:MDR|Saida[15]         ; MDROut[15]   ; clock      ;
; N/A   ; None         ; 5.719 ns   ; Instr_Reg:IR|Instr15_0[8]         ; inst15_0[8]  ; clock      ;
; N/A   ; None         ; 5.683 ns   ; Registrador:PC|Saida[6]           ; PCOut[6]     ; clock      ;
; N/A   ; None         ; 5.678 ns   ; Instr_Reg:IR|Instr15_0[7]         ; inst15_0[7]  ; clock      ;
; N/A   ; None         ; 5.647 ns   ; UnidadeControle:CtrlUnit|state[3] ; CurState[3]  ; clock      ;
; N/A   ; None         ; 5.623 ns   ; UnidadeControle:CtrlUnit|state[4] ; CurState[4]  ; clock      ;
; N/A   ; None         ; 5.618 ns   ; Instr_Reg:IR|Instr15_0[5]         ; inst15_0[5]  ; clock      ;
; N/A   ; None         ; 5.599 ns   ; UnidadeControle:CtrlUnit|state[1] ; CurState[1]  ; clock      ;
; N/A   ; None         ; 5.596 ns   ; Registrador:PC|Saida[22]          ; PCOut[22]    ; clock      ;
; N/A   ; None         ; 5.519 ns   ; Instr_Reg:IR|Instr15_0[9]         ; inst15_0[9]  ; clock      ;
; N/A   ; None         ; 5.432 ns   ; Registrador:PC|Saida[9]           ; PCOut[9]     ; clock      ;
; N/A   ; None         ; 5.404 ns   ; Registrador:PC|Saida[8]           ; PCOut[8]     ; clock      ;
; N/A   ; None         ; 5.255 ns   ; Instr_Reg:IR|Instr15_0[11]        ; inst15_0[11] ; clock      ;
; N/A   ; None         ; 5.255 ns   ; Registrador:PC|Saida[30]          ; PCOut[30]    ; clock      ;
; N/A   ; None         ; 5.095 ns   ; Registrador:PC|Saida[15]          ; PCOut[15]    ; clock      ;
; N/A   ; None         ; 5.092 ns   ; Instr_Reg:IR|Instr15_0[15]        ; inst15_0[15] ; clock      ;
; N/A   ; None         ; 5.052 ns   ; Registrador:PC|Saida[29]          ; PCOut[29]    ; clock      ;
; N/A   ; None         ; 5.052 ns   ; Registrador:PC|Saida[19]          ; PCOut[19]    ; clock      ;
+-------+--------------+------------+-----------------------------------+--------------+------------+


+------------------------------------------------------------------------------------------------+
; th                                                                                             ;
+---------------+-------------+-----------+-------+-----------------------------------+----------+
; Minimum Slack ; Required th ; Actual th ; From  ; To                                ; To Clock ;
+---------------+-------------+-----------+-------+-----------------------------------+----------+
; N/A           ; None        ; -2.993 ns ; reset ; UnidadeControle:CtrlUnit|state[2] ; clock    ;
; N/A           ; None        ; -2.999 ns ; reset ; UnidadeControle:CtrlUnit|state[1] ; clock    ;
; N/A           ; None        ; -3.292 ns ; reset ; UnidadeControle:CtrlUnit|state[0] ; clock    ;
; N/A           ; None        ; -3.541 ns ; reset ; UnidadeControle:CtrlUnit|state[5] ; clock    ;
; N/A           ; None        ; -3.834 ns ; reset ; UnidadeControle:CtrlUnit|state[4] ; clock    ;
; N/A           ; None        ; -4.210 ns ; reset ; UnidadeControle:CtrlUnit|state[3] ; clock    ;
+---------------+-------------+-----------+-------+-----------------------------------+----------+


+--------------------------+
; Timing Analyzer Messages ;
+--------------------------+
Info: *******************************************************************
Info: Running Quartus II Classic Timing Analyzer
    Info: Version 9.1 Build 350 03/24/2010 Service Pack 2 SJ Web Edition
    Info: Processing started: Thu May 16 20:51:21 2019
Info: Command: quartus_tan --read_settings_files=off --write_settings_files=off Proj_Hardware -c Proj_Hardware --timing_analysis_only
Warning: Found pins functioning as undefined clocks and/or memory enables
    Info: Assuming node "clock" is an undefined clock
Info: Clock "clock" has Internal fmax of 165.78 MHz between source register "Registrador:PC|Saida[2]" and destination register "Registrador:PC|Saida[31]" (period= 6.032 ns)
    Info: + Longest register to register delay is 5.862 ns
        Info: 1: + IC(0.000 ns) + CELL(0.000 ns) = 0.000 ns; Loc. = LCFF_X18_Y9_N27; Fanout = 12; REG Node = 'Registrador:PC|Saida[2]'
        Info: 2: + IC(0.294 ns) + CELL(0.366 ns) = 0.660 ns; Loc. = LCCOMB_X18_Y9_N30; Fanout = 2; COMB Node = 'Ula32:ALU|carry_temp[2]~1'
        Info: 3: + IC(0.270 ns) + CELL(0.272 ns) = 1.202 ns; Loc. = LCCOMB_X18_Y9_N0; Fanout = 3; COMB Node = 'Ula32:ALU|carry_temp[5]~4'
        Info: 4: + IC(0.232 ns) + CELL(0.053 ns) = 1.487 ns; Loc. = LCCOMB_X18_Y9_N24; Fanout = 3; COMB Node = 'Ula32:ALU|carry_temp[7]~5'
        Info: 5: + IC(1.186 ns) + CELL(0.053 ns) = 2.726 ns; Loc. = LCCOMB_X18_Y25_N26; Fanout = 3; COMB Node = 'Ula32:ALU|carry_temp[9]~6'
        Info: 6: + IC(0.219 ns) + CELL(0.053 ns) = 2.998 ns; Loc. = LCCOMB_X18_Y25_N0; Fanout = 3; COMB Node = 'Ula32:ALU|carry_temp[11]~7'
        Info: 7: + IC(0.210 ns) + CELL(0.053 ns) = 3.261 ns; Loc. = LCCOMB_X18_Y25_N4; Fanout = 3; COMB Node = 'Ula32:ALU|carry_temp[13]~8'
        Info: 8: + IC(0.225 ns) + CELL(0.053 ns) = 3.539 ns; Loc. = LCCOMB_X18_Y25_N30; Fanout = 4; COMB Node = 'Ula32:ALU|carry_temp[15]~9'
        Info: 9: + IC(0.215 ns) + CELL(0.053 ns) = 3.807 ns; Loc. = LCCOMB_X18_Y25_N20; Fanout = 3; COMB Node = 'Ula32:ALU|carry_temp[19]~11'
        Info: 10: + IC(0.214 ns) + CELL(0.053 ns) = 4.074 ns; Loc. = LCCOMB_X18_Y25_N16; Fanout = 3; COMB Node = 'Ula32:ALU|carry_temp[21]~12'
        Info: 11: + IC(0.229 ns) + CELL(0.053 ns) = 4.356 ns; Loc. = LCCOMB_X18_Y25_N10; Fanout = 3; COMB Node = 'Ula32:ALU|carry_temp[23]~13'
        Info: 12: + IC(0.227 ns) + CELL(0.053 ns) = 4.636 ns; Loc. = LCCOMB_X18_Y25_N12; Fanout = 3; COMB Node = 'Ula32:ALU|carry_temp[25]~14'
        Info: 13: + IC(0.373 ns) + CELL(0.053 ns) = 5.062 ns; Loc. = LCCOMB_X18_Y25_N14; Fanout = 3; COMB Node = 'Ula32:ALU|carry_temp[27]~15'
        Info: 14: + IC(0.227 ns) + CELL(0.053 ns) = 5.342 ns; Loc. = LCCOMB_X18_Y25_N8; Fanout = 2; COMB Node = 'Ula32:ALU|carry_temp[29]~16'
        Info: 15: + IC(0.312 ns) + CELL(0.053 ns) = 5.707 ns; Loc. = LCCOMB_X17_Y25_N20; Fanout = 1; COMB Node = 'Ula32:ALU|soma_temp[31]'
        Info: 16: + IC(0.000 ns) + CELL(0.155 ns) = 5.862 ns; Loc. = LCFF_X17_Y25_N21; Fanout = 2; REG Node = 'Registrador:PC|Saida[31]'
        Info: Total cell delay = 1.429 ns ( 24.38 % )
        Info: Total interconnect delay = 4.433 ns ( 75.62 % )
    Info: - Smallest clock skew is 0.014 ns
        Info: + Shortest clock path from clock "clock" to destination register is 2.475 ns
            Info: 1: + IC(0.000 ns) + CELL(0.854 ns) = 0.854 ns; Loc. = PIN_N20; Fanout = 1; CLK Node = 'clock'
            Info: 2: + IC(0.343 ns) + CELL(0.000 ns) = 1.197 ns; Loc. = CLKCTRL_G3; Fanout = 230; COMB Node = 'clock~clkctrl'
            Info: 3: + IC(0.660 ns) + CELL(0.618 ns) = 2.475 ns; Loc. = LCFF_X17_Y25_N21; Fanout = 2; REG Node = 'Registrador:PC|Saida[31]'
            Info: Total cell delay = 1.472 ns ( 59.47 % )
            Info: Total interconnect delay = 1.003 ns ( 40.53 % )
        Info: - Longest clock path from clock "clock" to source register is 2.461 ns
            Info: 1: + IC(0.000 ns) + CELL(0.854 ns) = 0.854 ns; Loc. = PIN_N20; Fanout = 1; CLK Node = 'clock'
            Info: 2: + IC(0.343 ns) + CELL(0.000 ns) = 1.197 ns; Loc. = CLKCTRL_G3; Fanout = 230; COMB Node = 'clock~clkctrl'
            Info: 3: + IC(0.646 ns) + CELL(0.618 ns) = 2.461 ns; Loc. = LCFF_X18_Y9_N27; Fanout = 12; REG Node = 'Registrador:PC|Saida[2]'
            Info: Total cell delay = 1.472 ns ( 59.81 % )
            Info: Total interconnect delay = 0.989 ns ( 40.19 % )
    Info: + Micro clock to output delay of source is 0.094 ns
    Info: + Micro setup delay of destination is 0.090 ns
Info: tsu for register "UnidadeControle:CtrlUnit|state[3]" (data pin = "reset", clock pin = "clock") is 5.414 ns
    Info: + Longest pin to register delay is 7.783 ns
        Info: 1: + IC(0.000 ns) + CELL(0.864 ns) = 0.864 ns; Loc. = PIN_M21; Fanout = 8; PIN Node = 'reset'
        Info: 2: + IC(4.807 ns) + CELL(0.225 ns) = 5.896 ns; Loc. = LCCOMB_X15_Y9_N8; Fanout = 1; COMB Node = 'UnidadeControle:CtrlUnit|state[0]~29'
        Info: 3: + IC(0.265 ns) + CELL(0.378 ns) = 6.539 ns; Loc. = LCCOMB_X15_Y9_N20; Fanout = 2; COMB Node = 'UnidadeControle:CtrlUnit|state[0]~30'
        Info: 4: + IC(0.252 ns) + CELL(0.228 ns) = 7.019 ns; Loc. = LCCOMB_X15_Y9_N24; Fanout = 1; COMB Node = 'UnidadeControle:CtrlUnit|state[3]~32'
        Info: 5: + IC(0.252 ns) + CELL(0.357 ns) = 7.628 ns; Loc. = LCCOMB_X15_Y9_N4; Fanout = 1; COMB Node = 'UnidadeControle:CtrlUnit|state[3]~33'
        Info: 6: + IC(0.000 ns) + CELL(0.155 ns) = 7.783 ns; Loc. = LCFF_X15_Y9_N5; Fanout = 9; REG Node = 'UnidadeControle:CtrlUnit|state[3]'
        Info: Total cell delay = 2.207 ns ( 28.36 % )
        Info: Total interconnect delay = 5.576 ns ( 71.64 % )
    Info: + Micro setup delay of destination is 0.090 ns
    Info: - Shortest clock path from clock "clock" to destination register is 2.459 ns
        Info: 1: + IC(0.000 ns) + CELL(0.854 ns) = 0.854 ns; Loc. = PIN_N20; Fanout = 1; CLK Node = 'clock'
        Info: 2: + IC(0.343 ns) + CELL(0.000 ns) = 1.197 ns; Loc. = CLKCTRL_G3; Fanout = 230; COMB Node = 'clock~clkctrl'
        Info: 3: + IC(0.644 ns) + CELL(0.618 ns) = 2.459 ns; Loc. = LCFF_X15_Y9_N5; Fanout = 9; REG Node = 'UnidadeControle:CtrlUnit|state[3]'
        Info: Total cell delay = 1.472 ns ( 59.86 % )
        Info: Total interconnect delay = 0.987 ns ( 40.14 % )
Info: tco from clock "clock" to destination pin "inst15_0[3]" through register "Instr_Reg:IR|Instr15_0[3]" is 7.282 ns
    Info: + Longest clock path from clock "clock" to source register is 2.461 ns
        Info: 1: + IC(0.000 ns) + CELL(0.854 ns) = 0.854 ns; Loc. = PIN_N20; Fanout = 1; CLK Node = 'clock'
        Info: 2: + IC(0.343 ns) + CELL(0.000 ns) = 1.197 ns; Loc. = CLKCTRL_G3; Fanout = 230; COMB Node = 'clock~clkctrl'
        Info: 3: + IC(0.646 ns) + CELL(0.618 ns) = 2.461 ns; Loc. = LCFF_X18_Y9_N7; Fanout = 12; REG Node = 'Instr_Reg:IR|Instr15_0[3]'
        Info: Total cell delay = 1.472 ns ( 59.81 % )
        Info: Total interconnect delay = 0.989 ns ( 40.19 % )
    Info: + Micro clock to output delay of source is 0.094 ns
    Info: + Longest register to pin delay is 4.727 ns
        Info: 1: + IC(0.000 ns) + CELL(0.000 ns) = 0.000 ns; Loc. = LCFF_X18_Y9_N7; Fanout = 12; REG Node = 'Instr_Reg:IR|Instr15_0[3]'
        Info: 2: + IC(2.613 ns) + CELL(2.114 ns) = 4.727 ns; Loc. = PIN_N8; Fanout = 0; PIN Node = 'inst15_0[3]'
        Info: Total cell delay = 2.114 ns ( 44.72 % )
        Info: Total interconnect delay = 2.613 ns ( 55.28 % )
Info: th for register "UnidadeControle:CtrlUnit|state[2]" (data pin = "reset", clock pin = "clock") is -2.993 ns
    Info: + Longest clock path from clock "clock" to destination register is 2.457 ns
        Info: 1: + IC(0.000 ns) + CELL(0.854 ns) = 0.854 ns; Loc. = PIN_N20; Fanout = 1; CLK Node = 'clock'
        Info: 2: + IC(0.343 ns) + CELL(0.000 ns) = 1.197 ns; Loc. = CLKCTRL_G3; Fanout = 230; COMB Node = 'clock~clkctrl'
        Info: 3: + IC(0.642 ns) + CELL(0.618 ns) = 2.457 ns; Loc. = LCFF_X13_Y9_N1; Fanout = 10; REG Node = 'UnidadeControle:CtrlUnit|state[2]'
        Info: Total cell delay = 1.472 ns ( 59.91 % )
        Info: Total interconnect delay = 0.985 ns ( 40.09 % )
    Info: + Micro hold delay of destination is 0.149 ns
    Info: - Shortest pin to register delay is 5.599 ns
        Info: 1: + IC(0.000 ns) + CELL(0.864 ns) = 0.864 ns; Loc. = PIN_M21; Fanout = 8; PIN Node = 'reset'
        Info: 2: + IC(4.338 ns) + CELL(0.397 ns) = 5.599 ns; Loc. = LCFF_X13_Y9_N1; Fanout = 10; REG Node = 'UnidadeControle:CtrlUnit|state[2]'
        Info: Total cell delay = 1.261 ns ( 22.52 % )
        Info: Total interconnect delay = 4.338 ns ( 77.48 % )
Info: Quartus II Classic Timing Analyzer was successful. 0 errors, 1 warning
    Info: Peak virtual memory: 183 megabytes
    Info: Processing ended: Thu May 16 20:51:22 2019
    Info: Elapsed time: 00:00:01
    Info: Total CPU time (on all processors): 00:00:00


